// Jest Snapshot v1, https://goo.gl/fbAQLP

exports[`it matches the snapshot 1`] = `
<DocumentFragment>
  <div
    class="tree"
  >
    <div
      class="node"
    >
      root
      <div
        class="children"
      >
        <div
          class="node"
        >
          a.nt
        </div>
        <div
          class="node"
        >
          b.ear
          <div
            class="children"
          >
            <div
              class="node"
            >
              c..at
            </div>
            <div
              class="node"
            >
              d..og
              <div
                class="children"
              >
                <div
                  class="node"
                >
                  e...lephant
                </div>
              </div>
            </div>
          </div>
        </div>
        <div
          class="node"
        >
          f.rog
          <div
            class="children"
          >
            <div
              class="node"
            >
              d..olphin
            </div>
          </div>
        </div>
      </div>
    </div>
  </div>
</DocumentFragment>
`;
